// Jest Snapshot v1, https://goo.gl/fbAQLP

exports[`renders correctly 1`] = `
<div
  className="profile d-flex"
>
  <div
    className="misssion-joined"
  >
    <h4>
      Missions
    </h4>
    <div
      className="list-group"
      onKeyDown={[Function]}
    />
  </div>
  <div
    className="rocket-reserved"
  >
    <h4>
      Rockets
    </h4>
    <div
      className="list-group"
      onKeyDown={[Function]}
    />
  </div>
</div>
`;
